2025-08-07T10:53:35.278194 | {"event": "command", "player": 1, "command": {"action": "JUEGO", "color": "AMARILLO", "value": "4"}}
2025-08-07T10:56:26.556268 | {"event": "command", "player": 1, "command": {"action": "JUEGO", "color": "AMARILLO", "value": "8"}}
2025-08-07T10:58:38.828441 | {"event": "command", "player": 1, "command": {"action": "JUEGO", "color": "VERDE", "value": "5"}}
2025-08-07T11:00:45.788630 | {"event": "command", "player": 1, "command": {"action": "JUEGO", "color": "ROJO", "value": "7"}}
2025-08-07T11:02:48.491944 | {"event": "command", "player": 1, "command": {"action": "JUEGO", "color": "AMARILLO", "value": "5"}}
2025-08-07T11:05:09.276411 | {"event": "command", "player": 1, "command": {"action": "JUEGO", "color": "VERDE", "value": "7"}}
2025-08-07T11:37:38.130874 | {"event": "command", "player": 1, "command": {"action": "JUEGO", "color": "AMARILLO", "value": "9"}}
2025-08-07T11:47:29.749933 | {"event": "command", "player": 1, "command": {"action": "JUEGO", "color": "AZUL", "value": "3"}}
2025-08-07T11:50:52.934601 | {"event": "command", "player": 1, "command": {"action": "JUEGO", "color": "ROJO", "value": "7"}}
2025-08-07T11:53:31.192616 | {"event": "command", "player": 1, "command": {"action": "JUEGO", "color": "AMARILLO", "value": "8"}}
2025-08-07T11:58:46.117547 | {"event": "command", "player": 1, "command": {"action": "JUEGO", "color": "AMARILLO", "value": "5"}}
2025-08-07T12:05:58.102041 | {"event": "command", "player": 1, "command": {"action": "JUEGO", "color": "VERDE", "value": "4"}}
2025-08-07T12:06:28.819693 | {"event": "command", "player": 2, "command": {"action": "JUEGO", "color": "VERDE", "value": "3"}}
2025-08-07T12:09:04.134755 | {"event": "command", "player": 1, "command": {"action": "JUEGO", "color": "ROJO", "value": "7"}}
2025-08-07T12:11:29.294664 | {"event": "command", "player": 1, "command": {"action": "JUEGO", "color": "AMARILLO", "value": "9"}}
2025-08-07T12:15:14.843902 | {"event": "command", "player": 2, "command": {"action": "JUEGO", "color": "AZUL", "value": "9"}}
2025-08-07T12:19:21.684177 | {"event": "command", "player": 1, "command": {"action": "JUEGO", "color": "ROJO", "value": "3"}}
2025-08-07T12:23:52.826974 | {"event": "command", "player": 1, "command": {"action": "JUEGO", "color": "AZUL", "value": "8"}}
2025-08-07T12:26:26.941125 | {"event": "command", "player": 1, "command": {"action": "JUEGO", "color": "AMARILLO", "value": "3"}}
2025-08-07T13:00:31.907247 | {"event": "command", "player": 1, "command": {"action": "JUEGO", "color": "VERDE", "value": "6"}}
2025-08-07T13:02:49.667356 | {"event": "command", "player": 1, "command": {"action": "JUEGO", "color": "ROJO", "value": "5"}}
2025-08-07T13:06:04.774246 | {"event": "command", "player": 1, "command": {"action": "JUEGO", "color": "AMARILLO", "value": "9"}}
2025-08-07T14:38:20.811707 | {"event": "command", "player": 1, "command": {"action": "JUEGO", "color": "VERDE", "value": "8"}}
2025-08-07T14:39:28.360520 | {"event": "command", "player": 2, "command": {"action": "DIBUJA"}}
2025-08-07T14:41:34.216567 | {"event": "command", "player": 1, "command": {"action": "DIBUJA"}}
2025-08-07T14:44:13.864900 | {"event": "command", "player": 1, "command": {"action": "DIBUJA"}}
2025-08-07T14:47:05.193729 | {"event": "command", "player": 1, "command": {"action": "JUEGO", "color": "AMARILLO", "value": "2"}}
2025-08-07T14:47:48.234556 | {"event": "command", "player": 2, "command": {"action": "JUEGO", "color": "AMARILLO", "value": "1"}}
2025-08-21T15:40:06.923661 | {"event": "command", "player": 1, "command": {"action": "JUEGO", "color": "AZUL", "value": "5"}}
2025-08-21T15:40:20.154707 | {"event": "command", "player": 1, "command": {"action": "JUEGO", "color": "AZUL", "value": "3"}}
2025-08-21T15:40:53.739796 | {"event": "command", "player": 2, "command": {"action": "JUEGO", "color": "AZUL", "value": "3"}}
2025-08-21T15:45:09.148213 | {"event": "command", "player": 1, "command": {"action": "JUEGO", "color": "AZUL", "value": "7"}}
2025-08-21T15:45:51.900308 | {"event": "command", "player": 2, "command": {"action": "JUEGO", "color": "AZUL", "value": "2"}}
2025-08-21T15:49:08.845786 | {"event": "command", "player": 1, "command": {"action": "JUEGO", "color": "VERDE", "value": "1"}}
2025-08-21T15:51:44.670471 | {"event": "command", "player": 2, "command": {"action": "JUEGO", "color": "AMARILLO", "value": "5"}}
2025-08-21T15:52:21.086290 | {"event": "command", "player": 1, "command": {"action": "JUEGO", "color": "AMARILLO", "value": "5"}}
2025-08-21T15:54:43.822580 | {"event": "command", "player": 1, "command": {"action": "JUEGO", "color": "VERDE", "value": "3"}}
2025-08-21T15:55:17.086099 | {"event": "command", "player": 2, "command": {"action": "JUEGO", "color": "ROJO", "value": "3"}}
2025-08-21T16:04:12.031354 | {"event": "command", "player": 1, "command": {"action": "LEVANTAR"}}
2025-08-21T16:04:56.207429 | {"event": "command", "player": 2, "command": {"action": "PASAR"}}
2025-08-21T16:05:18.367675 | {"event": "command", "player": 2, "command": {"action": "PASAR"}}
2025-08-21T16:05:39.647487 | {"event": "command", "player": 2, "command": {"action": "PASAR"}}
2025-08-21T16:05:55.423070 | {"event": "command", "player": 1, "command": {"action": "PASAR"}}
2025-08-21T16:14:27.458441 | {"event": "command", "player": 1, "command": {"action": "PASAR"}}
2025-08-21T16:14:55.506601 | {"event": "command", "player": 1, "command": {"action": "PASAR"}}
2025-08-21T16:15:12.562149 | {"event": "command", "player": 1, "command": {"action": "LEVANTAR"}}
2025-08-21T16:15:37.010418 | {"event": "command", "player": 1, "command": {"action": "PASAR"}}
2025-08-21T16:16:26.178167 | {"event": "command", "player": 2, "command": {"action": "JUEGO", "color": "VERDE", "value": "7"}}
2025-08-21T16:17:34.130147 | {"event": "command", "player": 2, "command": {"action": "JUEGO", "color": "VERDE", "value": "1"}}
2025-08-21T16:19:00.802436 | {"event": "command", "player": 2, "command": {"action": "JUEGO", "color": "VERDE", "value": "7"}}
2025-08-21T16:19:14.514531 | {"event": "command", "player": 2, "command": {"action": "JUEGO", "color": "VERDE", "value": "7"}}
2025-08-21T16:21:27.075835 | {"event": "command", "player": 1, "command": {"action": "JUEGO", "color": "VERDE", "value": "8"}}
2025-08-21T16:22:37.379494 | {"event": "command", "player": 2, "command": {"action": "JUEGO", "color": "VERDE", "value": "5"}}
2025-08-21T16:39:11.830506 | {"event": "command", "player": 1, "command": {"action": "DIBUJA"}}
2025-08-21T16:39:46.726669 | {"event": "command", "player": 1, "command": {"action": "JUEGO", "color": "ROJO", "value": "5"}}
2025-08-21T16:42:40.358889 | {"event": "command", "player": 1, "command": {"action": "DIBUJA"}}
2025-08-21T16:53:53.593955 | {"event": "command", "player": 1, "command": {"action": "JUEGO", "color": "ROJO", "value": "1"}}
2025-10-28T16:14:36.187572 | {"event": "command", "player": 1, "command": {"action": "JUEGO", "color": "AZUL", "value": "9"}, "game_id": "66b9e120"}
2025-10-28T16:20:35.401147 | {"event": "command", "player": 1, "command": {"action": "JUEGO", "color": "VERDE", "value": "6"}, "game_id": "22106f5a"}
2025-11-01T11:30:00.359469 | {"event": "command", "player": 1, "command": {"action": "LEVANTAR"}, "game_id": "582d4abf"}
2025-11-01T11:42:27.421972 | {"event": "command", "player": 1, "command": {"action": "JUEGO", "color": "ROJO", "value": "4"}, "game_id": "ceea440b"}
2025-11-01T12:40:30.717859 | {"event": "command", "player": 1, "command": {"action": "JUEGO", "color": "AZUL", "value": "0"}, "game_id": "8eda768e"}
2025-11-01T12:41:35.120442 | {"event": "command", "player": 1, "command": {"action": "PASAR"}, "game_id": "8eda768e"}
2025-11-01T12:48:47.564182 | {"event": "command", "player": 1, "command": {"action": "JUEGO", "color": "ROJO", "value": "4"}, "game_id": "c65d377f"}
2025-11-01T12:49:23.279199 | {"event": "command", "player": 2, "command": {"action": "JUEGO", "color": "ROJO", "value": "6"}, "game_id": "c65d377f"}
2025-11-01T16:43:01.180549 | {"event": "command", "player": 1, "command": {"action": "JUEGO", "color": "AMARILLO", "value": "2"}, "game_id": "56462638"}
2025-11-01T16:43:19.224337 | {"event": "command", "player": 2, "command": {"action": "JUEGO", "color": "AZUL", "value": "9"}, "game_id": "56462638"}
2025-11-01T16:48:50.045226 | {"event": "command", "player": 1, "command": {"action": "JUEGO", "color": "VERDE", "value": "4"}, "game_id": "c3bfdd1e"}
2025-11-01T16:49:01.988758 | {"event": "command", "player": 2, "command": {"action": "JUEGO", "color": "VERDE", "value": "5"}, "game_id": "c3bfdd1e"}
2025-11-02T10:27:00.799642 | {"event": "command", "player": 2, "command": {"action": "JUEGO", "color": "AZUL", "value": "8"}, "game_id": "5b7a8762"}
2025-11-02T10:27:19.843056 | {"event": "command", "player": 1, "command": {"action": "JUEGO", "color": "AMARILLO", "value": "5"}, "game_id": "5b7a8762"}
2025-11-02T10:27:38.258677 | {"event": "command", "player": 2, "command": {"action": "JUEGO", "color": "AZUL", "value": "8"}, "game_id": "5b7a8762"}
2025-11-02T10:28:02.558948 | {"event": "command", "player": 2, "command": {"action": "JUEGO", "color": "AZUL", "value": "3"}, "game_id": "5b7a8762"}
2025-11-02T10:28:12.093021 | {"event": "command", "player": 1, "command": {"action": "JUEGO", "color": "AZUL", "value": "5"}, "game_id": "5b7a8762"}
2025-11-02T10:28:34.865742 | {"event": "command", "player": 2, "command": {"action": "JUEGO", "color": "ROJO", "value": "5"}, "game_id": "5b7a8762"}
2025-11-02T10:28:41.871409 | {"event": "command", "player": 1, "command": {"action": "JUEGO", "color": "ROJO", "value": "7"}, "game_id": "5b7a8762"}
2025-11-02T10:28:51.910507 | {"event": "command", "player": 2, "command": {"action": "JUEGO", "color": "AZUL", "value": "8"}, "game_id": "5b7a8762"}
2025-11-02T10:29:02.473915 | {"event": "command", "player": 1, "command": {"action": "JUEGO", "color": "ROJO", "value": "8"}, "game_id": "5b7a8762"}
2025-11-02T10:29:18.665340 | {"event": "command", "player": 2, "command": {"action": "JUEGO", "color": "ROJO", "value": "0"}, "game_id": "5b7a8762"}
2025-11-02T10:29:23.654318 | {"event": "command", "player": 1, "command": {"action": "JUEGO", "color": "ROJO", "value": "3"}, "game_id": "5b7a8762"}
2025-11-02T10:29:47.766390 | {"event": "command", "player": 2, "command": {"action": "JUEGO", "color": "AZUL", "value": "7"}, "game_id": "5b7a8762"}
2025-11-02T10:30:22.450843 | {"event": "command", "player": 1, "command": {"action": "LEVANTAR"}, "game_id": "5b7a8762"}
2025-11-02T10:30:31.901653 | {"event": "command", "player": 1, "command": {"action": "PASAR"}, "game_id": "5b7a8762"}
2025-11-02T10:30:43.786582 | {"event": "command", "player": 2, "command": {"action": "JUEGO", "color": "AZUL", "value": "7"}, "game_id": "5b7a8762"}
2025-11-02T10:30:53.069192 | {"event": "command", "player": 1, "command": {"action": "JUEGO", "color": "AMARILLO", "value": "6"}, "game_id": "5b7a8762"}
2025-11-02T10:30:58.612655 | {"event": "command", "player": 2, "command": {"action": "JUEGO", "color": "AZUL", "value": "3"}, "game_id": "5b7a8762"}
2025-11-02T10:31:09.044493 | {"event": "command", "player": 1, "command": {"action": "LEVANTAR"}, "game_id": "5b7a8762"}
2025-11-02T10:31:17.484247 | {"event": "command", "player": 1, "command": {"action": "JUEGO", "color": "AZUL", "value": "1"}, "game_id": "5b7a8762"}
2025-11-02T10:31:26.566871 | {"event": "command", "player": 2, "command": {"action": "JUEGO", "color": "AZUL", "value": "7"}, "game_id": "5b7a8762"}
2025-11-02T10:31:35.560446 | {"event": "command", "player": 1, "command": {"action": "LEVANTAR"}, "game_id": "5b7a8762"}
2025-11-02T10:31:40.137469 | {"event": "command", "player": 1, "command": {"action": "PASAR"}, "game_id": "5b7a8762"}
2025-11-02T10:31:45.689935 | {"event": "command", "player": 2, "command": {"action": "JUEGO", "color": "AZUL", "value": "8"}, "game_id": "5b7a8762"}
2025-11-02T10:31:50.964907 | {"event": "command", "player": 1, "command": {"action": "LEVANTAR"}, "game_id": "5b7a8762"}
2025-11-02T10:31:59.499272 | {"event": "command", "player": 1, "command": {"action": "PASAR"}, "game_id": "5b7a8762"}
2025-11-02T10:32:04.651245 | {"event": "command", "player": 2, "command": {"action": "LEVANTAR"}, "game_id": "5b7a8762"}
2025-11-02T10:32:11.800452 | {"event": "command", "player": 2, "command": {"action": "PASAR"}, "game_id": "5b7a8762"}
2025-11-02T10:32:17.705717 | {"event": "command", "player": 1, "command": {"action": "LEVANTAR"}, "game_id": "5b7a8762"}
2025-11-02T10:32:20.258054 | {"event": "command", "player": 1, "command": {"action": "PASAR"}, "game_id": "5b7a8762"}
2025-11-02T10:32:33.442362 | {"event": "command", "player": 2, "command": {"action": "LEVANTAR"}, "game_id": "5b7a8762"}
2025-11-02T10:32:36.401122 | {"event": "command", "player": 2, "command": {"action": "PASAR"}, "game_id": "5b7a8762"}
2025-11-02T10:32:48.137546 | {"event": "command", "player": 1, "command": {"action": "LEVANTAR"}, "game_id": "5b7a8762"}
2025-11-02T10:32:53.561587 | {"event": "command", "player": 1, "command": {"action": "JUEGO", "color": "AZUL", "value": "6"}, "game_id": "5b7a8762"}
2025-11-02T10:33:08.289142 | {"event": "command", "player": 2, "command": {"action": "JUEGO", "color": "ROJO", "value": "6"}, "game_id": "5b7a8762"}
2025-11-02T10:33:14.901377 | {"event": "command", "player": 1, "command": {"action": "JUEGO", "color": "ROJO", "value": "9"}, "game_id": "5b7a8762"}
2025-11-02T10:33:20.235447 | {"event": "command", "player": 2, "command": {"action": "LEVANTAR"}, "game_id": "5b7a8762"}
2025-11-02T10:33:22.649698 | {"event": "command", "player": 2, "command": {"action": "LEVANTAR"}, "game_id": "5b7a8762"}
2025-11-02T10:33:26.791292 | {"event": "command", "player": 2, "command": {"action": "PASAR"}, "game_id": "5b7a8762"}
2025-11-02T10:35:06.200832 | {"event": "command", "player": 1, "command": {"action": "JUEGO", "color": "ROJO", "value": "7"}, "game_id": "c3ae5a60"}
2025-11-02T10:35:13.576757 | {"event": "command", "player": 2, "command": {"action": "JUEGO", "color": "VERDE", "value": "4"}, "game_id": "c3ae5a60"}
2025-11-02 10:53:43 INFO MainProcess MainThread server [game=- player=-] Iniciando servidor en :::8090
2025-11-02 10:53:43 INFO MainProcess MainThread server [game=- player=-] Configurando socket IPv6 para aceptar IPv4 también
2025-11-02 10:53:43 INFO MainProcess MainThread server [game=- player=-] Escuchando en ('::', 8090, 0, 0) (family 10)
2025-11-02 10:53:43 INFO MainProcess MainThread server [game=- player=-] Servidor listo para aceptar conexiones. Iniciando GameManager...
2025-11-08 10:49:09 INFO MainProcess MainThread server [game=- player=-] Iniciando servidor en :::8090
2025-11-08 10:49:09 INFO MainProcess MainThread server [game=- player=-] Configurando socket IPv6 para aceptar IPv4 también
2025-11-08 10:49:09 INFO MainProcess MainThread server [game=- player=-] Escuchando en ('::', 8090, 0, 0) (family 10)
2025-11-08 10:49:09 INFO MainProcess MainThread server [game=- player=-] Servidor listo para aceptar conexiones. Iniciando GameManager...
2025-11-08 10:49:37 INFO MainProcess MainThread server [game=- player=-] Nueva conexión desde ('::ffff:127.0.0.1', 48564, 0, 0)
2025-11-08 10:49:47 INFO MainProcess Thread-5 server [game=- player=-] Received action: LIST_GAMES
2025-11-08 10:49:55 INFO MainProcess Thread-5 server [game=- player=-] Received action: CREATE_GAME
2025-11-08 10:50:10 INFO MainProcess MainThread server [game=- player=-] Nueva conexión desde ('::ffff:127.0.0.1', 42040, 0, 0)
2025-11-08 10:50:11 INFO MainProcess Thread-6 server [game=- player=-] Received action: LIST_GAMES
2025-11-08 10:50:16 INFO MainProcess Thread-6 server [game=- player=-] Received action: JOIN
2025-11-08 10:50:40 INFO MainProcess Thread-6 server [game=4240bbdf player=2] Received action: JUEGO
2025-11-08 10:51:03 INFO MainProcess Thread-5 server [game=4240bbdf player=1] Received action: JUEGO
2025-11-08 10:51:13 INFO MainProcess Thread-5 server [game=4240bbdf player=1] Received action: JUEGO
2025-11-08 10:55:14 INFO MainProcess MainThread server [game=- player=-] Iniciando servidor en :::8090
2025-11-08 10:55:14 INFO MainProcess MainThread server [game=- player=-] Configurando socket IPv6 para aceptar IPv4 también
2025-11-08 10:55:14 INFO MainProcess MainThread server [game=- player=-] Escuchando en ('::', 8090, 0, 0) (family 10)
2025-11-08 10:55:14 INFO MainProcess MainThread server [game=- player=-] Servidor listo para aceptar conexiones. Iniciando GameManager...
2025-11-08 10:55:23 INFO MainProcess MainThread server [game=- player=-] Nueva conexión desde ('::ffff:127.0.0.1', 48422, 0, 0)
2025-11-08 10:55:24 INFO MainProcess Thread-5 server [game=- player=-] Received action: CREATE_GAME
2025-11-08 10:55:27 INFO MainProcess MainThread server [game=- player=-] Nueva conexión desde ('::ffff:127.0.0.1', 48434, 0, 0)
2025-11-08 10:55:29 INFO MainProcess Thread-6 server [game=- player=-] Received action: LIST_GAMES
2025-11-08 10:55:31 INFO MainProcess Thread-6 server [game=- player=-] Received action: JOIN
2025-11-08 10:55:53 INFO MainProcess Thread-6 server [game=c2179c7b player=2] Received action: JUEGO
2025-11-08 10:56:22 INFO MainProcess Thread-6 server [game=c2179c7b player=2] Received action: JUEGO
2025-11-08 10:57:09 INFO MainProcess MainThread server [game=- player=-] Iniciando servidor en :::8090
2025-11-08 10:57:09 INFO MainProcess MainThread server [game=- player=-] Configurando socket IPv6 para aceptar IPv4 también
2025-11-08 10:57:09 INFO MainProcess MainThread server [game=- player=-] Escuchando en ('::', 8090, 0, 0) (family 10)
2025-11-08 10:57:09 INFO MainProcess MainThread server [game=- player=-] Servidor listo para aceptar conexiones. Iniciando GameManager...
2025-11-22 10:23:24 INFO MainProcess MainThread server [game=- player=-] Iniciando servidor en 127.0.0.1:8000
2025-11-22 10:23:24 INFO MainProcess MainThread server [game=- player=-] Escuchando en ('127.0.0.1', 8000) (family 2)
2025-11-22 10:23:24 INFO MainProcess MainThread server [game=- player=-] Servidor listo para aceptar conexiones. Iniciando GameManager...
2025-11-22 10:23:36 INFO MainProcess MainThread server [game=- player=-] Nueva conexión desde ('127.0.0.1', 56076)
2025-11-22 10:23:38 INFO MainProcess Thread-1 server [game=- player=-] Received action: LIST_GAMES
2025-11-22 10:23:44 INFO MainProcess Thread-1 server [game=- player=-] Received action: CREATE_GAME
2025-11-22 10:23:48 INFO MainProcess MainThread server [game=- player=-] Nueva conexión desde ('127.0.0.1', 35464)
2025-11-22 10:23:50 INFO MainProcess Thread-2 server [game=- player=-] Received action: LIST_GAMES
2025-11-22 10:23:52 INFO MainProcess Thread-2 server [game=- player=-] Received action: JOIN
2025-11-22 10:24:07 INFO MainProcess Thread-1 server [game=c99ddb92 player=1] Received action: JUEGO
2025-11-22 10:24:52 INFO MainProcess MainThread server [game=- player=-] Iniciando servidor en 127.0.0.1:8000
2025-11-22 10:24:52 INFO MainProcess MainThread server [game=- player=-] Escuchando en ('127.0.0.1', 8000) (family 2)
2025-11-22 10:24:52 INFO MainProcess MainThread server [game=- player=-] Servidor listo para aceptar conexiones. Iniciando GameManager...
2025-11-22 10:25:00 INFO MainProcess MainThread server [game=- player=-] Nueva conexión desde ('127.0.0.1', 43386)
2025-11-22 10:25:01 INFO MainProcess Thread-5 server [game=- player=-] Received action: CREATE_GAME
2025-11-22 10:25:04 INFO MainProcess MainThread server [game=- player=-] Nueva conexión desde ('127.0.0.1', 42090)
2025-11-22 10:25:06 INFO MainProcess Thread-6 server [game=- player=-] Received action: LIST_GAMES
2025-11-22 10:25:08 INFO MainProcess Thread-6 server [game=- player=-] Received action: JOIN
2025-11-22 10:25:31 INFO MainProcess Thread-5 server [game=5dc7b6c1 player=1] Received action: PASAR
2025-11-22 10:25:39 INFO MainProcess Thread-5 server [game=5dc7b6c1 player=1] Received action: LEVANTAR
2025-11-22 10:25:44 INFO MainProcess Thread-5 server [game=5dc7b6c1 player=1] Received action: PASAR
2025-11-22 10:25:56 INFO MainProcess Thread-6 server [game=5dc7b6c1 player=2] Received action: JUEGO
2025-11-22 10:26:04 INFO MainProcess Thread-5 server [game=5dc7b6c1 player=1] Received action: LEVANTAR
2025-11-22 10:26:09 INFO MainProcess Thread-5 server [game=5dc7b6c1 player=1] Received action: JUEGO
2025-11-22 10:26:17 INFO MainProcess Thread-6 server [game=5dc7b6c1 player=2] Received action: LEVANTAR
2025-11-22 10:26:22 INFO MainProcess Thread-6 server [game=5dc7b6c1 player=2] Received action: JUEGO
2025-11-22 10:27:06 INFO MainProcess Thread-5 server [game=5dc7b6c1 player=1] Received action: LEVANTAR
2025-11-22 10:27:13 INFO MainProcess Thread-5 server [game=5dc7b6c1 player=1] Received action: JUEGO
2025-11-22 10:27:21 INFO MainProcess Thread-6 server [game=5dc7b6c1 player=2] Received action: LEVANTAR
2025-11-22 10:27:54 INFO MainProcess MainThread server [game=- player=-] Iniciando servidor en 127.0.0.1:8000
2025-11-22 10:27:54 INFO MainProcess MainThread server [game=- player=-] Escuchando en ('127.0.0.1', 8000) (family 2)
2025-11-22 10:27:54 INFO MainProcess MainThread server [game=- player=-] Servidor listo para aceptar conexiones. Iniciando GameManager...
2025-11-22 10:28:04 INFO MainProcess MainThread server [game=- player=-] Nueva conexión desde ('127.0.0.1', 33290)
2025-11-22 10:28:06 INFO MainProcess Thread-5 server [game=- player=-] Received action: CREATE_GAME
2025-11-22 10:28:09 INFO MainProcess MainThread server [game=- player=-] Nueva conexión desde ('127.0.0.1', 33306)
2025-11-22 10:28:10 INFO MainProcess Thread-6 server [game=- player=-] Received action: LIST_GAMES
2025-11-22 10:28:11 INFO MainProcess Thread-6 server [game=- player=-] Received action: JOIN
2025-11-22 10:28:20 INFO MainProcess Thread-5 server [game=4708e77e player=1] Received action: LEVANTAR
2025-11-22 10:28:33 INFO MainProcess Thread-5 server [game=4708e77e player=1] Received action: PASAR
2025-11-22 10:28:39 INFO MainProcess Thread-6 server [game=4708e77e player=2] Received action: LEVANTAR
2025-11-22 10:28:45 INFO MainProcess Thread-6 server [game=4708e77e player=2] Received action: PASAR
2025-11-22 10:28:48 INFO MainProcess Thread-5 server [game=4708e77e player=1] Received action: LEVANTAR
2025-11-22 10:28:52 INFO MainProcess Thread-5 server [game=4708e77e player=1] Received action: PASAR
2025-11-22 10:28:58 INFO MainProcess Thread-6 server [game=4708e77e player=2] Received action: LEVANTAR
2025-11-22 10:29:07 INFO MainProcess Thread-6 server [game=4708e77e player=2] Received action: JUEGO
2025-11-22 10:29:15 INFO MainProcess Thread-5 server [game=4708e77e player=1] Received action: LEVANTAR
2025-11-22 10:29:21 INFO MainProcess Thread-5 server [game=4708e77e player=1] Received action: PASAR
2025-11-22 10:29:30 INFO MainProcess Thread-6 server [game=4708e77e player=2] Received action: JUEGO
2025-11-22 10:29:40 INFO MainProcess Thread-5 server [game=4708e77e player=1] Received action: LEVANTAR
2025-11-22 10:29:47 INFO MainProcess Thread-5 server [game=4708e77e player=1] Received action: PASAR
2025-11-22 10:29:54 INFO MainProcess Thread-6 server [game=4708e77e player=2] Received action: LEVANTAR
2025-11-22 10:29:57 INFO MainProcess Thread-6 server [game=4708e77e player=2] Received action: PASAR
2025-11-22 10:30:06 INFO MainProcess Thread-5 server [game=4708e77e player=1] Received action: LEVANTAR
2025-11-22 10:30:14 INFO MainProcess Thread-5 server [game=4708e77e player=1] Received action: JUEGO
2025-11-22 10:30:22 INFO MainProcess Thread-6 server [game=4708e77e player=2] Received action: JUEGO
2025-11-22 10:30:25 INFO MainProcess Thread-5 server [game=4708e77e player=1] Received action: LEVANTAR
2025-11-22 10:30:26 INFO MainProcess Thread-5 server [game=4708e77e player=1] Received action: PASAR
2025-11-22 10:30:32 INFO MainProcess Thread-6 server [game=4708e77e player=2] Received action: JUEGO
2025-11-22 10:30:36 INFO MainProcess Thread-6 server [game=4708e77e player=2] Conexión cerrada: ('127.0.0.1', 33306)
2025-11-22 10:30:41 INFO MainProcess Thread-5 server [game=4708e77e player=1] Conexión cerrada: ('127.0.0.1', 33290)
